// Jest Snapshot v1, https://goo.gl/fbAQLP

exports[`<SalesListScreen /> matches the snapshot 1`] = `
<View>
  <Text>
    Sales
  </Text>
</View>
`;
