// Jest Snapshot v1, https://goo.gl/fbAQLP

exports[`<LoginScreen /> matches the snapshot 1`] = `
<ScrollView
  keyboardShouldPersistTaps="handled"
  style={
    Object {
      "backgroundColor": "#1A2A40",
    }
  }
>
  <Styled(View)>
    <Formik
      initialValues={
        Object {
          "email": "",
          "password": "",
        }
      }
      onSubmit={[Function]}
      validationSchema={
        ObjectSchema {
          "_blacklist": RefSet {
            "list": Set {},
            "refs": Map {},
          },
          "_conditions": Array [],
          "_defaultDefault": [Function],
          "_deps": Array [],
          "_excludedEdges": Array [],
          "_exclusive": Object {},
          "_mutate": undefined,
          "_nodes": Array [
            "password",
            "email",
          ],
          "_options": Object {
            "abortEarly": true,
            "recursive": true,
          },
          "_type": "object",
          "_typeError": [Function],
          "_whitelist": RefSet {
            "list": Set {},
            "refs": Map {},
          },
          "fields": Object {
            "email": StringSchema {
              "_blacklist": RefSet {
                "list": Set {},
                "refs": Map {},
              },
              "_conditions": Array [],
              "_deps": Array [],
              "_exclusive": Object {
                "email": false,
                "required": true,
              },
              "_mutate": undefined,
              "_options": Object {
                "abortEarly": true,
                "recursive": true,
              },
              "_type": "string",
              "_typeError": [Function],
              "_whitelist": RefSet {
                "list": Set {},
                "refs": Map {},
              },
              "tests": Array [
                [Function],
                [Function],
              ],
              "transforms": Array [
                [Function],
              ],
              "type": "string",
            },
            "password": StringSchema {
              "_blacklist": RefSet {
                "list": Set {},
                "refs": Map {},
              },
              "_conditions": Array [],
              "_deps": Array [],
              "_exclusive": Object {
                "min": true,
                "required": true,
              },
              "_mutate": undefined,
              "_options": Object {
                "abortEarly": true,
                "recursive": true,
              },
              "_type": "string",
              "_typeError": [Function],
              "_whitelist": RefSet {
                "list": Set {},
                "refs": Map {},
              },
              "tests": Array [
                [Function],
                [Function],
              ],
              "transforms": Array [
                [Function],
              ],
              "type": "string",
            },
          },
          "tests": Array [],
          "transforms": Array [
            [Function],
          ],
          "type": "object",
        }
      }
    >
      <Component />
    </Formik>
  </Styled(View)>
</ScrollView>
`;
