// Jest Snapshot v1, https://goo.gl/fbAQLP

exports[`<DashboardScreen /> matches the snapshot 1`] = `
<View>
  <Text>
    Dashboard
  </Text>
</View>
`;
