// Jest Snapshot v1, https://goo.gl/fbAQLP

exports[`<UserSettingsScreen /> matches the snapshot 1`] = `
<Styled(View)>
  <PlainText
    theme="dark"
  >
    User Settings Screen
  </PlainText>
</Styled(View)>
`;
