// Jest Snapshot v1, https://goo.gl/fbAQLP

exports[`<CostsListScreen /> matches the snapshot 1`] = `
<View>
  <Text>
    Costs
  </Text>
</View>
`;
