// Jest Snapshot v1, https://goo.gl/fbAQLP

exports[`<AuthScreen /> matches the snaphot 1`] = `
<Styled(View)>
  <View>
    <Styled(Text)>
      Make your business easier.
    </Styled(Text)>
  </View>
  <Styled(View)>
    <Styled(View)>
      <ForwardRef(Themed.Button)
        buttonStyle={
          Object {
            "backgroundColor": "#5E6D8C",
          }
        }
        onPress={[Function]}
        title="Create an account"
      />
    </Styled(View)>
    <View
      style={
        Object {
          "backgroundColor": "#ffffff",
          "height": 1,
          "marginVertical": 15,
          "width": 50,
        }
      }
    />
    <Styled(View)>
      <ForwardRef(Themed.Button)
        buttonStyle={
          Object {
            "borderColor": "#D5DCF2",
          }
        }
        icon={
          <Icon
            allowFontScaling={false}
            color="white"
            name="facebook-f"
            size={18}
          />
        }
        onPress={[Function]}
        title="Continue with Facebook"
        titleStyle={
          Object {
            "color": "#D5DCF2",
            "marginLeft": 10,
          }
        }
        type="outline"
      />
    </Styled(View)>
    <Styled(View)>
      <ForwardRef(Themed.Button)
        buttonStyle={
          Object {
            "borderColor": "#D5DCF2",
          }
        }
        icon={
          <Icon
            allowFontScaling={false}
            color="white"
            name="google"
            size={18}
          />
        }
        onPress={[Function]}
        title="Continue with Google"
        titleStyle={
          Object {
            "color": "#D5DCF2",
            "marginLeft": 10,
          }
        }
        type="outline"
      />
    </Styled(View)>
  </Styled(View)>
  <Styled(View)>
    <PlainText
      color="#ffffff"
    >
      Already have an account?
       
      <TouchableWithoutFeedback
        onPress={[Function]}
      >
        <PlainText
          bold={true}
          light={true}
        >
          Log in
        </PlainText>
      </TouchableWithoutFeedback>
    </PlainText>
  </Styled(View)>
</Styled(View)>
`;
