// Jest Snapshot v1, https://goo.gl/fbAQLP

exports[`<CostsEntryScreen /> matches the snapshot 1`] = `
<View>
  <Text>
    Costs Entry
  </Text>
</View>
`;
