// Jest Snapshot v1, https://goo.gl/fbAQLP

exports[`<SalesEntryScreen /> matches the snapshot 1`] = `
<View>
  <Text>
    Sales Entry
  </Text>
</View>
`;
