// Jest Snapshot v1, https://goo.gl/fbAQLP

exports[`<SettingsScreen /> matches the snapshot 1`] = `
<View>
  <Text>
    Settings
  </Text>
</View>
`;
