// Jest Snapshot v1, https://goo.gl/fbAQLP

exports[`<App /> renders correctly 1`] = `
<Styled(View)>
  <Styled(Text)
    testID="welcome-text"
  >
    Open up App.tsx to start working on your app!
  </Styled(Text)>
</Styled(View)>
`;
